
> tennisnotedashboard@0.0.0 build
> tsc -b && vite build

[36mvite v7.3.1 [32mbuilding client environment for production...[36m[39m
transforming...
[32m笨・[39m 3 modules transformed.
node.exe : [31m笨・[39m Build failed in 549ms
発生場所 行:1 文字:1
+ & "C:\Program Files\nodejs/node.exe" "C:\Program File
s\nodejs/node_mo ...
+ ~~~~~~~~~~~~~~~~~~~~~~~~~~~~~~~~~~~~~~~~~~~~~~~~~~~~~
~~~~~~~~~~~~~~~~
    + CategoryInfo          : NotSpecified: ([31m笨・[3 
   9m Build failed in 549ms:String) [], RemoteExcepti  
  on
    + FullyQualifiedErrorId : NativeCommandError
 
[31merror during build:
[31m[vite:css] [postcss] It looks like you're trying t
o use `tailwindcss` directly as a PostCSS plugin. The P
ostCSS plugin has moved to a separate package, so to co
ntinue using Tailwind CSS with PostCSS you'll need to i
nstall `@tailwindcss/postcss` and update your PostCSS c
onfiguration.[31m
file: [36mC:/app/TennisNoteWeb/TennisNoteDashboard/src
/index.css:undefined:NaN[31m
    at at (C:\app\TennisNoteWeb\TennisNoteDashboard\nod
e_modules\tailwindcss\dist\lib.js:38:1643)
    at LazyResult.runOnRoot (C:\app\TennisNoteWeb\Tenni
sNoteDashboard\node_modules\postcss\lib\lazy-result.js:
361:16)
    at LazyResult.runAsync (C:\app\TennisNoteWeb\Tennis
NoteDashboard\node_modules\postcss\lib\lazy-result.js:2
90:26)
    at LazyResult.async (C:\app\TennisNoteWeb\TennisNot
eDashboard\node_modules\postcss\lib\lazy-result.js:192:
30)
    at LazyResult.then (C:\app\TennisNoteWeb\TennisNote
Dashboard\node_modules\postcss\lib\lazy-result.js:436:1
7)[39m
